[    0.000000] Linux version 4.15.0-212-generic (buildd@lcy02-amd64-083) (gcc version 7.5.0 (Ubuntu 7.5.0-3ubuntu1~18.04)) #223-Ubuntu SMP Tue May 23 13:09:22 UTC 2023 (Ubuntu 4.15.0-212.223-generic 4.15.18)
[    0.000000] Command line: BOOT_IMAGE=/boot/vmlinuz-4.15.0-212-generic root=LABEL=cloudimg-rootfs ro console=tty1 console=ttyS0
[    0.000000] KERNEL supported cpus:
[    0.000000]   Intel GenuineIntel
[    0.000000]   AMD AuthenticAMD
[    0.000000]   Centaur CentaurHauls
[    0.000000] x86/fpu: x87 FPU will use FXSAVE
[    0.000000] e820: BIOS-provided physical RAM map:
[    0.000000] BIOS-e820: [mem 0x0000000000000000-0x000000000009fbff] usable
[    0.000000] BIOS-e820: [mem 0x000000000009fc00-0x000000000009ffff] reserved
[    0.000000] BIOS-e820: [mem 0x00000000000f0000-0x00000000000fffff] reserved
[    0.000000] BIOS-e820: [mem 0x0000000000100000-0x000000003ffeffff] usable
[    0.000000] BIOS-e820: [mem 0x000000003fff0000-0x000000003fffffff] ACPI data
[    0.000000] BIOS-e820: [mem 0x00000000fec00000-0x00000000fec00fff] reserved
[    0.000000] BIOS-e820: [mem 0x00000000fee00000-0x00000000fee00fff] reserved
[    0.000000] BIOS-e820: [mem 0x00000000fffc0000-0x00000000ffffffff] reserved
[    0.000000] NX (Execute Disable) protection: active
[    0.000000] SMBIOS 2.5 present.
[    0.000000] DMI: innotek GmbH VirtualBox/VirtualBox, BIOS VirtualBox 12/01/2006
[    0.000000] Hypervisor detected: KVM
[    0.000000] e820: last_pfn = 0x3fff0 max_arch_pfn = 0x400000000
[    0.000000] MTRR: Disabled
[    0.000000] x86/PAT: MTRRs disabled, skipping PAT initialization too.
[    0.000000] CPU MTRRs all blank - virtualized system.
[    0.000000] x86/PAT: Configuration [0-7]: WB  WT  UC- UC  WB  WT  UC- UC  
[    0.000000] found SMP MP-table at [mem 0x0009fff0-0x0009ffff]
[    0.000000] Scanning 1 areas for low memory corruption
[    0.000000] RAMDISK: [mem 0x359cb000-0x36cdcfff]
[    0.000000] ACPI: Early table checksum verification disabled
[    0.000000] ACPI: RSDP 0x00000000000E0000 000024 (v02 VBOX  )
[    0.000000] ACPI: XSDT 0x000000003FFF0030 00003C (v01 VBOX   VBOXXSDT 00000001 ASL  00000061)
[    0.000000] ACPI: FACP 0x000000003FFF00F0 0000F4 (v04 VBOX   VBOXFACP 00000001 ASL  00000061)
[    0.000000] ACPI: DSDT 0x000000003FFF0610 002353 (v02 VBOX   VBOXBIOS 00000002 INTL 20100528)
[    0.000000] ACPI: FACS 0x000000003FFF0200 000040
[    0.000000] ACPI: FACS 0x000000003FFF0200 000040
[    0.000000] ACPI: APIC 0x000000003FFF0240 000054 (v02 VBOX   VBOXAPIC 00000001 ASL  00000061)
[    0.000000] ACPI: SSDT 0x000000003FFF02A0 00036C (v01 VBOX   VBOXCPUT 00000002 INTL 20100528)
[    0.000000] ACPI: Reserving FACP table memory at [mem 0x3fff00f0-0x3fff01e3]
[    0.000000] ACPI: Reserving DSDT table memory at [mem 0x3fff0610-0x3fff2962]
[    0.000000] ACPI: Reserving FACS table memory at [mem 0x3fff0200-0x3fff023f]
[    0.000000] ACPI: Reserving FACS table memory at [mem 0x3fff0200-0x3fff023f]
[    0.000000] ACPI: Reserving APIC table memory at [mem 0x3fff0240-0x3fff0293]
[    0.000000] ACPI: Reserving SSDT table memory at [mem 0x3fff02a0-0x3fff060b]
[    0.000000] No NUMA configuration found
[    0.000000] Faking a node at [mem 0x0000000000000000-0x000000003ffeffff]
[    0.000000] NODE_DATA(0) allocated [mem 0x3ffc5000-0x3ffeffff]
[    0.000000] kvm-clock: cpu 0, msr 0:3ff44001, primary cpu clock
[    0.000000] kvm-clock: Using msrs 4b564d01 and 4b564d00
[    0.000000] kvm-clock: using sched offset of 3656163013 cycles
[    0.000000] clocksource: kvm-clock: mask: 0xffffffffffffffff max_cycles: 0x1cd42e4dffb, max_idle_ns: 881590591483 ns
[    0.000000] Zone ranges:
[    0.000000]   DMA      [mem 0x0000000000001000-0x0000000000ffffff]
[    0.000000]   DMA32    [mem 0x0000000001000000-0x000000003ffeffff]
[    0.000000]   Normal   empty
[    0.000000]   Device   empty
[    0.000000] Movable zone start for each node
[    0.000000] Early memory node ranges
[    0.000000]   node   0: [mem 0x0000000000001000-0x000000000009efff]
[    0.000000]   node   0: [mem 0x0000000000100000-0x000000003ffeffff]
[    0.000000] Reserved but unavailable: 104 pages
[    0.000000] Initmem setup node 0 [mem 0x0000000000001000-0x000000003ffeffff]
[    0.000000] ACPI: PM-Timer IO Port: 0x4008
[    0.000000] IOAPIC[0]: apic_id 1, version 32, address 0xfec00000, GSI 0-23
[    0.000000] ACPI: INT_SRC_OVR (bus 0 bus_irq 0 global_irq 2 dfl dfl)
[    0.000000] ACPI: INT_SRC_OVR (bus 0 bus_irq 9 global_irq 9 low level)
[    0.000000] Using ACPI (MADT) for SMP configuration information
[    0.000000] smpboot: Allowing 1 CPUs, 0 hotplug CPUs
[    0.000000] PM: Registered nosave memory: [mem 0x00000000-0x00000fff]
[    0.000000] PM: Registered nosave memory: [mem 0x0009f000-0x0009ffff]
[    0.000000] PM: Registered nosave memory: [mem 0x000a0000-0x000effff]
[    0.000000] PM: Registered nosave memory: [mem 0x000f0000-0x000fffff]
[    0.000000] e820: [mem 0x40000000-0xfebfffff] available for PCI devices
[    0.000000] Booting paravirtualized kernel on KVM
[    0.000000] clocksource: refined-jiffies: mask: 0xffffffff max_cycles: 0xffffffff, max_idle_ns: 7645519600211568 ns
[    0.000000] setup_percpu: NR_CPUS:8192 nr_cpumask_bits:1 nr_cpu_ids:1 nr_node_ids:1
[    0.000000] percpu: Embedded 50 pages/cpu s167936 r8192 d28672 u2097152
[    0.000000] PV qspinlock hash table entries: 256 (order: 0, 4096 bytes)
[    0.000000] Built 1 zonelists, mobility grouping on.  Total pages: 257913
[    0.000000] Policy zone: DMA32
[    0.000000] Kernel command line: BOOT_IMAGE=/boot/vmlinuz-4.15.0-212-generic root=LABEL=cloudimg-rootfs ro console=tty1 console=ttyS0
[    0.000000] Memory: 982844K/1048120K available (12300K kernel code, 2477K rwdata, 4324K rodata, 2480K init, 2720K bss, 65276K reserved, 0K cma-reserved)
[    0.000000] SLUB: HWalign=64, Order=0-3, MinObjects=0, CPUs=1, Nodes=1
[    0.000000] ftrace: allocating 39508 entries in 155 pages
[    0.004000] Hierarchical RCU implementation.
[    0.004000] 	RCU restricting CPUs from NR_CPUS=8192 to nr_cpu_ids=1.
[    0.004000] 	Tasks RCU enabled.
[    0.004000] RCU: Adjusting geometry for rcu_fanout_leaf=16, nr_cpu_ids=1
[    0.004000] NR_IRQS: 524544, nr_irqs: 256, preallocated irqs: 16
[    0.004000] random: crng init done
[    0.004000] Console: colour VGA+ 80x25
[    0.004000] console [tty1] enabled
[    0.004000] console [ttyS0] enabled
[    0.004000] ACPI: Core revision 20170831
[    0.004000] ACPI: 2 ACPI AML tables successfully acquired and loaded
[    0.004000] APIC: Switch to symmetric I/O mode setup
[    0.004000] ..TIMER: vector=0x30 apic1=0 pin1=2 apic2=-1 pin2=-1
[    0.004004] tsc: Detected 2496.008 MHz processor
[    0.008009] Calibrating delay loop (skipped) preset value.. 4992.01 BogoMIPS (lpj=9984032)
[    0.012003] pid_max: default: 32768 minimum: 301
[    0.016054] Security Framework initialized
[    0.020005] Yama: becoming mindful.
[    0.024023] AppArmor: AppArmor initialized
[    0.028000] Dentry cache hash table entries: 131072 (order: 8, 1048576 bytes)
[    0.029663] Inode-cache hash table entries: 65536 (order: 7, 524288 bytes)
[    0.032101] Mount-cache hash table entries: 2048 (order: 2, 16384 bytes)
[    0.036103] Mountpoint-cache hash table entries: 2048 (order: 2, 16384 bytes)
[    0.045586] Last level iTLB entries: 4KB 64, 2MB 8, 4MB 8
[    0.048006] Last level dTLB entries: 4KB 64, 2MB 0, 4MB 0, 1GB 4
[    0.052007] Spectre V1 : Mitigation: usercopy/swapgs barriers and __user pointer sanitization
[    0.056006] Spectre V2 : Mitigation: Enhanced IBRS
[    0.060003] Spectre V2 : Spectre v2 / SpectreRSB mitigation: Filling RSB on context switch
[    0.064004] Spectre V2 : Spectre v2 / PBRSB-eIBRS: Retire a single CALL on VMEXIT
[    0.068007] RETBleed: Mitigation: Enhanced IBRS
[    0.071382] Speculative Store Bypass: Vulnerable
[    0.072048] MMIO Stale Data: Vulnerable: Clear CPU buffers attempted, no microcode
[    0.076003] SRBDS: Unknown: Dependent on hypervisor status
[    0.084000] Freeing SMP alternatives memory: 36K
[    0.196378] smpboot: CPU0: Intel(R) Core(TM) i5-10300H CPU @ 2.50GHz (family: 0x6, model: 0xa5, stepping: 0x2)
[    0.200474] Performance Events: unsupported p6 CPU model 165 no PMU driver, software events only.
[    0.204094] Hierarchical SRCU implementation.
[    0.208835] NMI watchdog: Perf event create on CPU 0 failed with -2
[    0.212003] NMI watchdog: Perf NMI watchdog permanently disabled
[    0.216328] smp: Bringing up secondary CPUs ...
[    0.220002] smp: Brought up 1 node, 1 CPU
[    0.224002] smpboot: Max logical packages: 1
[    0.228003] smpboot: Total of 1 processors activated (4992.01 BogoMIPS)
[    0.232366] devtmpfs: initialized
[    0.236078] x86/mm: Memory block size: 128MB
[    0.240475] evm: security.selinux
[    0.244003] evm: security.SMACK64
[    0.246738] evm: security.SMACK64EXEC
[    0.248003] evm: security.SMACK64TRANSMUTE
[    0.252002] evm: security.SMACK64MMAP
[    0.256002] evm: security.apparmor
[    0.258640] evm: security.ima
[    0.260003] evm: security.capability
[    0.264310] clocksource: jiffies: mask: 0xffffffff max_cycles: 0xffffffff, max_idle_ns: 7645041785100000 ns
[    0.268016] futex hash table entries: 256 (order: 2, 16384 bytes)
[    0.272180] pinctrl core: initialized pinctrl subsystem
[    0.276386] RTC time: 19:24:20, date: 08/11/24
[    0.280378] NET: Registered protocol family 16
[    0.284103] audit: initializing netlink subsys (disabled)
[    0.288517] cpuidle: using governor ladder
[    0.292006] audit: type=2000 audit(1723404265.575:1): state=initialized audit_enabled=0 res=1
[    0.296007] cpuidle: using governor menu
[    0.300061] ACPI: bus type PCI registered
[    0.304003] acpiphp: ACPI Hot Plug PCI Controller Driver version: 0.5
[    0.308430] PCI: Using configuration type 1 for base access
[    0.313712] HugeTLB registered 2.00 MiB page size, pre-allocated 0 pages
[    0.316713] ACPI: Added _OSI(Module Device)
[    0.320006] ACPI: Added _OSI(Processor Device)
[    0.323121] ACPI: Added _OSI(3.0 _SCP Extensions)
[    0.324003] ACPI: Added _OSI(Processor Aggregator Device)
[    0.328021] ACPI: Added _OSI(Linux-Dell-Video)
[    0.332012] ACPI: Added _OSI(Linux-Lenovo-NV-HDMI-Audio)
[    0.336006] ACPI: Added _OSI(Linux-HPI-Hybrid-Graphics)
[    0.340789] ACPI: Executed 1 blocks of module-level executable AML code
[    0.349850] ACPI: Interpreter enabled
[    0.352012] ACPI: (supports S0 S5)
[    0.354688] ACPI: Using IOAPIC for interrupt routing
[    0.360102] PCI: Using host bridge windows from ACPI; if necessary, use "pci=nocrs" and report a bug
[    0.364264] ACPI: Enabled 2 GPEs in block 00 to 07
[    0.381545] ACPI: PCI Root Bridge [PCI0] (domain 0000 [bus 00-ff])
[    0.384009] acpi PNP0A03:00: _OSC: OS supports [ASPM ClockPM Segments MSI]
[    0.388659] acpi PNP0A03:00: _OSC: not requesting OS control; OS requires [ExtendedConfig ASPM ClockPM MSI]
[    0.392033] acpi PNP0A03:00: fail to add MMCONFIG information, can't access extended PCI configuration space under this bridge.
[    0.400469] PCI host bridge to bus 0000:00
[    0.403392] pci_bus 0000:00: root bus resource [io  0x0000-0x0cf7 window]
[    0.404004] pci_bus 0000:00: root bus resource [io  0x0d00-0xffff window]
[    0.408006] pci_bus 0000:00: root bus resource [mem 0x000a0000-0x000bffff window]
[    0.412006] pci_bus 0000:00: root bus resource [mem 0x40000000-0xfdffffff window]
[    0.416008] pci_bus 0000:00: root bus resource [bus 00-ff]
[    0.427296] pci 0000:00:01.1: legacy IDE quirk: reg 0x10: [io  0x01f0-0x01f7]
[    0.428006] pci 0000:00:01.1: legacy IDE quirk: reg 0x14: [io  0x03f6]
[    0.432005] pci 0000:00:01.1: legacy IDE quirk: reg 0x18: [io  0x0170-0x0177]
[    0.436005] pci 0000:00:01.1: legacy IDE quirk: reg 0x1c: [io  0x0376]
[    0.460424] pci 0000:00:07.0: quirk: [io  0x4000-0x403f] claimed by PIIX4 ACPI
[    0.464034] pci 0000:00:07.0: quirk: [io  0x4100-0x410f] claimed by PIIX4 SMB
[    0.478487] ACPI: PCI Interrupt Link [LNKA] (IRQs 5 9 10 *11)
[    0.480494] ACPI: PCI Interrupt Link [LNKB] (IRQs 5 9 *10 11)
[    0.484207] ACPI: PCI Interrupt Link [LNKC] (IRQs 5 *9 10 11)
[    0.488198] ACPI: PCI Interrupt Link [LNKD] (IRQs 5 9 10 *11)
[    0.492687] SCSI subsystem initialized
[    0.496274] pci 0000:00:02.0: vgaarb: setting as boot VGA device
[    0.500000] pci 0000:00:02.0: vgaarb: VGA device added: decodes=io+mem,owns=io+mem,locks=none
[    0.500006] pci 0000:00:02.0: vgaarb: bridge control possible
[    0.504003] vgaarb: loaded
[    0.506333] ACPI: bus type USB registered
[    0.508020] usbcore: registered new interface driver usbfs
[    0.512015] usbcore: registered new interface driver hub
[    0.516035] usbcore: registered new device driver usb
[    0.520189] EDAC MC: Ver: 3.0.0
[    0.524836] PCI: Using ACPI for IRQ routing
[    0.528747] NetLabel: Initializing
[    0.532002] NetLabel:  domain hash size = 128
[    0.536002] NetLabel:  protocols = UNLABELED CIPSOv4 CALIPSO
[    0.540101] NetLabel:  unlabeled traffic allowed by default
[    0.544220] clocksource: Switched to clocksource kvm-clock
[    0.578183] VFS: Disk quotas dquot_6.6.0
[    0.588095] VFS: Dquot-cache hash table entries: 512 (order 0, 4096 bytes)
[    0.593708] AppArmor: AppArmor Filesystem Enabled
[    0.597676] pnp: PnP ACPI init
[    0.601674] pnp: PnP ACPI: found 3 devices
[    0.612540] clocksource: acpi_pm: mask: 0xffffff max_cycles: 0xffffff, max_idle_ns: 2085701024 ns
[    0.619544] NET: Registered protocol family 2
[    0.623349] IP idents hash table entries: 16384 (order: 5, 131072 bytes)
[    0.628941] TCP established hash table entries: 8192 (order: 4, 65536 bytes)
[    0.634170] TCP bind hash table entries: 8192 (order: 5, 131072 bytes)
[    0.639474] TCP: Hash tables configured (established 8192 bind 8192)
[    0.644521] UDP hash table entries: 512 (order: 2, 16384 bytes)
[    0.648823] UDP-Lite hash table entries: 512 (order: 2, 16384 bytes)
[    0.653504] NET: Registered protocol family 1
[    0.656921] pci 0000:00:00.0: Limiting direct PCI/PCI transfers
[    0.661208] pci 0000:00:01.0: Activating ISA DMA hang workarounds
[    0.665646] pci 0000:00:02.0: Video device with shadowed ROM at [mem 0x000c0000-0x000dffff]
[    0.671866] Unpacking initramfs...
[    1.105588] Freeing initrd memory: 19528K
[    1.113862] clocksource: tsc: mask: 0xffffffffffffffff max_cycles: 0x23fa7ec29e6, max_idle_ns: 440795214074 ns
[    1.121606] platform rtc_cmos: registered platform RTC device (no PNP device found)
[    1.128081] Scanning for low memory corruption every 60 seconds
[    1.133605] Initialise system trusted keyrings
[    1.137220] Key type blacklist registered
[    1.140800] workingset: timestamp_bits=36 max_order=18 bucket_order=0
[    1.147849] zbud: loaded
[    1.150809] squashfs: version 4.0 (2009/01/31) Phillip Lougher
[    1.155941] fuse init (API version 7.26)
[    1.159767] Key type asymmetric registered
[    1.163154] Asymmetric key parser 'x509' registered
[    1.167073] Block layer SCSI generic (bsg) driver version 0.4 loaded (major 246)
[    1.173043] io scheduler noop registered
[    1.176425] io scheduler deadline registered
[    1.180208] io scheduler cfq registered (default)
[    1.184293] ACPI: AC Adapter [AC] (on-line)
[    1.187681] input: Power Button as /devices/LNXSYSTM:00/LNXPWRBN:00/input/input0
[    1.193712] ACPI: Power Button [PWRF]
[    1.197174] input: Sleep Button as /devices/LNXSYSTM:00/LNXSLPBN:00/input/input1
[    1.203169] ACPI: Sleep Button [SLPF]
[    1.207598] ACPI: Battery Slot [BAT0] (battery present)
[    1.212028] Serial: 8250/16550 driver, 32 ports, IRQ sharing enabled
[    1.245330] 00:02: ttyS0 at I/O 0x3f8 (irq = 4, base_baud = 115200) is a 16550A
[    1.253424] Linux agpgart interface v0.103
[    1.258536] loop: module loaded
[    1.263322] scsi host0: ata_piix
[    1.266394] scsi host1: ata_piix
[    1.269219] ata1: PATA max UDMA/33 cmd 0x1f0 ctl 0x3f6 bmdma 0xd000 irq 14
[    1.274471] ata2: PATA max UDMA/33 cmd 0x170 ctl 0x376 bmdma 0xd008 irq 15
[    1.281777] tun: Universal TUN/TAP device driver, 1.6
[    1.286295] PPP generic driver version 2.4.2
[    1.289523] ehci_hcd: USB 2.0 'Enhanced' Host Controller (EHCI) Driver
[    1.294225] ehci-pci: EHCI PCI platform driver
[    1.297505] ehci-platform: EHCI generic platform driver
[    1.301534] ohci_hcd: USB 1.1 'Open' Host Controller (OHCI) Driver
[    1.306019] ohci-pci: OHCI PCI platform driver
[    1.309362] ohci-platform: OHCI generic platform driver
[    1.313151] uhci_hcd: USB Universal Host Controller Interface driver
[    1.317748] i8042: PNP: PS/2 Controller [PNP0303:PS2K,PNP0f03:PS2M] at 0x60,0x64 irq 1,12
[    1.327345] serio: i8042 KBD port at 0x60,0x64 irq 1
[    1.331142] serio: i8042 AUX port at 0x60,0x64 irq 12
[    1.334916] mousedev: PS/2 mouse device common for all mice
[    1.340371] input: AT Translated Set 2 keyboard as /devices/platform/i8042/serio0/input/input2
[    1.347446] rtc_cmos rtc_cmos: rtc core: registered rtc_cmos as rtc0
[    1.352956] rtc_cmos rtc_cmos: alarms up to one day, 114 bytes nvram
[    1.357886] i2c /dev entries driver
[    1.360773] device-mapper: uevent: version 1.0.3
[    1.364672] device-mapper: ioctl: 4.37.0-ioctl (2017-09-20) initialised: dm-devel@redhat.com
[    1.371646] ledtrig-cpu: registered to indicate activity on CPUs
[    1.376650] NET: Registered protocol family 10
[    1.384486] Segment Routing with IPv6
[    1.387593] NET: Registered protocol family 17
[    1.391279] Key type dns_resolver registered
[    1.394867] mce: Using 0 MCE banks
[    1.397794] RAS: Correctable Errors collector initialized.
[    1.402493] sched_clock: Marking stable (1402436050, 0)->(2037333779, -634897729)
[    1.408440] registered taskstats version 1
[    1.411575] Loading compiled-in X.509 certificates
[    1.417779] Loaded X.509 cert 'Build time autogenerated kernel key: b5b26778eaa3ab3a4a6cee031137706e947d12ad'
[    1.425913] Loaded X.509 cert 'Canonical Ltd. Live Patch Signing: 14df34d1a87cf37625abec039ef2bf521249b969'
[    1.434190] Loaded X.509 cert 'Canonical Ltd. Kernel Module Signing: 88f752e560a1e0737e31163a466ad7b70a850c19'
[    1.441571] blacklist: Loading compiled-in revocation X.509 certificates
[    1.493859] Loaded X.509 cert 'Canonical Ltd. Secure Boot Signing: 61482aa2830d0ab2ad5af10b7250da9033ddcef0'
[    1.501045] Loaded X.509 cert 'Canonical Ltd. Secure Boot Signing (2017): 242ade75ac4a15e50d50c84b0d45ff3eae707a03'
[    1.508412] Loaded X.509 cert 'Canonical Ltd. Secure Boot Signing (ESM 2018): 365188c1d374d6b07c3c8f240f8ef722433d6a8b'
[    1.515957] Loaded X.509 cert 'Canonical Ltd. Secure Boot Signing (2019): c0746fd6c5da3ae827864651ad66ae47fe24b3e8'
[    1.523282] Loaded X.509 cert 'Canonical Ltd. Secure Boot Signing (2021 v1): a8d54bbb3825cfb94fa13c9f8a594a195c107b8d'
[    1.531620] Loaded X.509 cert 'Canonical Ltd. Secure Boot Signing (2021 v2): 4cf046892d6fd3c9a5b03f98d845f90851dc6a8c'
[    1.540198] Loaded X.509 cert 'Canonical Ltd. Secure Boot Signing (2021 v3): 100437bb6de6e469b581e61cd66bce3ef4ed53af'
[    1.548378] Loaded X.509 cert 'Canonical Ltd. Secure Boot Signing (Ubuntu Core 2019): c1d57b8f6b743f23ee41f4f7ee292f06eecadfb9'
[    1.557045] zswap: loaded using pool lzo/zbud
[    1.564083] Key type big_key registered
[    1.567966] Key type trusted registered
[    1.572667] Key type encrypted registered
[    1.575616] AppArmor: AppArmor sha1 policy hashing enabled
[    1.580331] ima: No TPM chip found, activating TPM-bypass! (rc=-19)
[    1.585338] ima: Allocated hash algorithm: sha1
[    1.589668] evm: HMAC attrs: 0x1
[    1.593030]   Magic number: 4:230:445
[    1.596298] rtc_cmos rtc_cmos: setting system clock to 2024-08-11 19:24:21 UTC (1723404261)
[    1.602822] BIOS EDD facility v0.16 2004-Jun-25, 0 devices found
[    1.607708] EDD information not available.
[    1.613997] Freeing unused kernel image memory: 2480K
[    1.624932] Write protecting the kernel read-only data: 20480k
[    1.629901] Freeing unused kernel image memory: 2008K
[    1.634044] Freeing unused kernel image memory: 1820K
[    1.644542] x86/mm: Checked W+X mappings: passed, no W+X pages found.
Loading, please wait...
starting version 237
[    1.746217] e1000: Intel(R) PRO/1000 Network Driver - version 7.3.21-k8-NAPI
[    1.752515] e1000: Copyright (c) 1999-2006 Intel Corporation.
[    1.760989] Fusion MPT base driver 3.04.20
[    1.764781] Copyright (c) 1999-2008 LSI Corporation
[    1.802766] SSE version of gcm_enc/dec engaged.
[    1.824179] Fusion MPT SPI Host driver 3.04.20
[    2.025809] input: ImExPS/2 Generic Explorer Mouse as /devices/platform/i8042/serio1/input/input4
[    2.487023] e1000 0000:00:03.0 eth0: (PCI:33MHz:32-bit) 02:3b:7b:b7:3b:2d
[    2.492784] e1000 0000:00:03.0 eth0: Intel(R) PRO/1000 Network Connection
[    2.498897] mptbase: ioc0: Initiating bringup
[    2.610506] ioc0: LSI53C1030 A0: Capabilities={Initiator}
[    2.862918] scsi host2: ioc0: LSI53C1030 A0, FwRev=00000000h, Ports=1, MaxQ=256, IRQ=20
[    3.037169] scsi 2:0:0:0: Direct-Access     VBOX     HARDDISK         1.0  PQ: 0 ANSI: 5
[    3.046304] scsi target2:0:0: Beginning Domain Validation
[    3.055334] scsi target2:0:0: Domain Validation skipping write tests
[    3.060365] scsi target2:0:0: Ending Domain Validation
[    3.064833] scsi target2:0:0: asynchronous
[    3.069306] scsi 2:0:1:0: Direct-Access     VBOX     HARDDISK         1.0  PQ: 0 ANSI: 5
[    3.075775] scsi target2:0:1: Beginning Domain Validation
[    3.091550] scsi target2:0:1: Domain Validation skipping write tests
[    3.096177] scsi target2:0:1: Ending Domain Validation
[    3.110126] scsi target2:0:1: asynchronous
[    3.218794] sd 2:0:0:0: [sda] 83886080 512-byte logical blocks: (42.9 GB/40.0 GiB)
[    3.225304] sd 2:0:0:0: Attached scsi generic sg0 type 0
[    3.239556] sd 2:0:1:0: [sdb] 20480 512-byte logical blocks: (10.5 MB/10.0 MiB)
[    3.245877] sd 2:0:1:0: Attached scsi generic sg1 type 0
[    3.250617] sd 2:0:0:0: [sda] Write Protect is off
[    3.262896] sd 2:0:0:0: [sda] Incomplete mode parameter data
[    3.267309] sd 2:0:0:0: [sda] Assuming drive cache: write through
[    3.272712] sd 2:0:1:0: [sdb] Write Protect is off
[    3.276717] sd 2:0:1:0: [sdb] Incomplete mode parameter data
[    3.280821] sd 2:0:1:0: [sdb] Assuming drive cache: write through
[    3.297954]  sda: sda1
[    3.309675] sd 2:0:0:0: [sda] Attached SCSI disk
[    3.315718] sd 2:0:1:0: [sdb] Attached SCSI disk
[    3.783105] e1000 0000:00:08.0 eth1: (PCI:33MHz:32-bit) 08:00:27:9e:c7:2a
[    3.789205] e1000 0000:00:08.0 eth1: Intel(R) PRO/1000 Network Connection
[    3.795669] e1000 0000:00:08.0 enp0s8: renamed from eth1
[    3.804553] e1000 0000:00:03.0 enp0s3: renamed from eth0
Begin: Loading essential drivers ... [    5.740961] raid6: sse2x1   gen() 16533 MB/s
[    5.792094] raid6: sse2x1   xor()  7282 MB/s
[    5.844074] raid6: sse2x2   gen() 15932 MB/s
[    5.896111] raid6: sse2x2   xor() 10041 MB/s
[    5.956290] raid6: sse2x4   gen() 19331 MB/s
[    6.008175] raid6: sse2x4   xor()  9809 MB/s
[    6.012187] raid6: using algorithm sse2x4 gen() 19331 MB/s
[    6.016617] raid6: .... xor() 9809 MB/s, rmw enabled
[    6.020519] raid6: using ssse3x2 recovery algorithm
[    6.025682] xor: measuring software checksum speed
[    6.132454]    prefetch64-sse: 63316.000 MB/sec
[    6.236254]    generic_sse: 58304.000 MB/sec
[    6.240520] xor: using function: prefetch64-sse (63316.000 MB/sec)
[    6.247135] async_tx: api initialized (async)
done.
Begin: Running /scripts/init-premount ... done.
Begin: Mounting root file system ... Begin: Running /scripts/local-top ... done.
Begin: Running /scripts/local-premount ... [    6.305654] Btrfs loaded, crc32c=crc32c-intel
Scanning for Btrfs filesystems
done.
Warning: fsck not present, so skipping root file system
[    6.351016] EXT4-fs (sda1): mounted filesystem with ordered data mode. Opts: (null)
done.
Begin: Running /scripts/local-bottom ... done.
Begin: Running /scripts/init-bottom ... done.
[    6.565230] ip_tables: (C) 2000-2006 Netfilter Core Team
[    6.583821] systemd[1]: systemd 237 running in system mode. (+PAM +AUDIT +SELINUX +IMA +APPARMOR +SMACK +SYSVINIT +UTMP +LIBCRYPTSETUP +GCRYPT +GNUTLS +ACL +XZ +LZ4 +SECCOMP +BLKID +ELFUTILS +KMOD -IDN2 +IDN -PCRE2 default-hierarchy=hybrid)
[    6.599695] systemd[1]: Detected virtualization oracle.
[    6.603780] systemd[1]: Detected architecture x86-64.

Welcome to [1mUbuntu 18.04.6 LTS[0m!

[    6.612851] systemd[1]: Set hostname to <ubuntu>.
[    6.622346] systemd[1]: Initializing machine ID from random generator.
[    6.627232] systemd[1]: Installed transient /etc/machine-id file.
[    6.903784] systemd[1]: Started Forward Password Requests to Wall Directory Watch.
[[0;32m  OK  [0m] Started Forward Password Requests to Wall Directory Watch.
[    6.913517] systemd[1]: Created slice System Slice.
[[0;32m  OK  [0m] Created slice System Slice.
[    6.920090] systemd[1]: Listening on udev Kernel Socket.
[[0;32m  OK  [0m] Listening on udev Kernel Socket.
[    6.927109] systemd[1]: Set up automount Arbitrary Executable File Formats File System Automount Point.
[[0;32m  OK  [0m] Set up automount Arbitrary Executabâ€¦rmats File System Automount Point.
[[0;32m  OK  [0m] Listening on fsck to fsckd communication Socket.
[[0;32m  OK  [0m] Listening on udev Control Socket.
[[0;32m  OK  [0m] Created slice User and Session Slice.
[[0;32m  OK  [0m] Reached target Slices.
[[0;32m  OK  [0m] Listening on Syslog Socket.
[[0;32m  OK  [0m] Listening on LVM2 poll daemon socket.
[[0;32m  OK  [0m] Listening on Journal Socket (/dev/log).
[[0;32m  OK  [0m] Reached target User and Group Name Lookups.
[[0;32m  OK  [0m] Listening on Journal Socket.
         Starting Create list of required stâ€¦ce nodes for the current kernel...
         Starting Load Kernel Modules...
         Starting File System Check on Root Device...
         Starting Set the console keyboard layout...
[    6.997792] Loading iSCSI transport class v2.0-870.
         Mounting Huge Pages File System...
[[0;32m  OK  [0m] Reached target Swap.
[[0;32m  OK  [0m] Listening on Device-mapper event daemon FIFOs.
[[0;32m  OK  [0m] Created slice system-serial\x2dgetty.slice.
[    7.041665] iscsi: registered transport (tcp)
[    7.056999] iscsi: registered transport (iser)
[[0;32m  OK  [0m] Listening on Network Service Netlink Socket.
[[0;32m  OK  [0m] Listening on Journal Audit Socket.
         Starting Journal Service...
         Mounting POSIX Message Queue File System...
         Mounting Kernel Debug File System...
[[0;32m  OK  [0m] Reached target Mounting snaps.
[[0;32m  OK  [0m] Reached target Mounted snaps.
[[0;32m  OK  [0m] Reached target System Time Synchronized.
[[0;32m  OK  [0m] Listening on /dev/initctl Compatibility Named Pipe.
[[0;32m  OK  [0m] Listening on LVM2 metadata daemon socket.
         Starting Monitoring of LVM2 mirrorsâ€¦ng dmeventd or progress polling...
         Starting udev Coldplug all Devices...
         Starting Uncomplicated firewall...
[[0;32m  OK  [0m] Started Journal Service.
[[0;32m  OK  [0m] Started Create list of required staâ€¦vice nodes for the current kernel.
[[0;32m  OK  [0m] Started Load Kernel Modules.
[[0;32m  OK  [0m] Started File System Check on Root Device.
[[0;32m  OK  [0m] Mounted Huge Pages File System.
[[0;32m  OK  [0m] Mounted POSIX Message Queue File System.
[[0;32m  OK  [0m] Mounted Kernel Debug File System.
[[0;32m  OK  [0m] Started Uncomplicated firewall.
[[0;32m  OK  [0m] Started LVM2 metadata daemon.
[[0;32m  OK  [0m] Started File System Check Daemon to report status.
         Starting Remount Root and Kernel File Systems...
         Mounting FUSE Control File System...
         Mounting Kernel Configuration File System...
         Starting Apply Kernel Variables...
         Starting Create Static Device Nodes in /dev...
[[0;32m  OK  [0m] Mounted FUSE Control File System.
[[0;32m  OK  [0m] Mounted Kernel Configuration File System.
[[0;32m  OK  [0m] Started Create Static Device Nodes in /dev.[    7.349299] EXT4-fs (sda1): re-mounted. Opts: (null)

[[0;32m  OK  [0m] Started Remount Root and Kernel File Systems.
         Starting udev Kernel Device Manager...
         Starting Load/Save Random Seed...
         Starting Flush Journal to Persistent Storage...
[[0;32m  OK  [0m] Started Monitoring of LVM2 mirrors,â€¦sing dmeventd or progress polling.
[[0;32m  OK  [0m] Started udev Coldplug all Devices.
[[0;32m  OK  [0m] Started udev Kernel Device Manager.
[[0;32m  OK  [0m] Started Load/Save Random Seed.
[[0;32m  OK  [0m] Started Apply Kernel Variables.
[[0;32m  OK  [0m] Started Flush Journal to Persistent Storage.
[[0;32m  OK  [0m] Found device /dev/ttyS0.
[[0;32m  OK  [0m] Listening on Load/Save RF Kill Switch Status /dev/rfkill Watch.
[[0;32m  OK  [0m] Started Set the console keyboard layout.
[[0;32m  OK  [0m] Reached target Local File Systems (Pre).
[[0;32m  OK  [0m] Reached target Local File Systems.
         Starting Commit a transient machine-id on disk...
         Starting Tell Plymouth To Write Out Runtime Data...
         Starting ebtables ruleset management...
         Starting Set console font and keymap...
         Starting Create Volatile Files and Directories...
         Starting AppArmor initialization...
[[0;32m  OK  [0m] Started Dispatch Password Requests to Console Directory Watch.
[[0;32m  OK  [0m] Reached target Local Encrypted Volumes.
[[0;32m  OK  [0m] Started Tell Plymouth To Write Out Runtime Data.
[[0;32m  OK  [0m] Started Commit a transient machine-id on disk.
[[0;32m  OK  [0m] Started Create Volatile Files and Directories.
         Starting Update UTMP about System Boot/Shutdown...
[[0;32m  OK  [0m] Started Update UTMP about System Boot/Shutdown.
[[0;32m  OK  [0m] Started ebtables ruleset management.
         Mounting Arbitrary Executable File Formats File System...
[[0;32m  OK  [0m] Mounted Arbitrary Executable File Formats File System.
[[0;32m  OK  [0m] Started AppArmor initialization.
         Starting Load AppArmor profiles managed internally by snapd...
         Starting Initial cloud-init job (pre-networking)...
[[0;32m  OK  [0m] Started Load AppArmor profiles managed internally by snapd.
[[0;32m  OK  [0m] Started Set console font and keymap.
[   11.920843] cloud-init[771]: Cloud-init v. 23.1.2-0ubuntu0~18.04.1 running 'init-local' at Sun, 11 Aug 2024 19:24:31 +0000. Up 11.62 seconds.
[[0;32m  OK  [0m] Started Initial cloud-init job (pre-networking).
[[0;32m  OK  [0m] Reached target Network (Pre).
         Starting Network Service...
[[0;32m  OK  [0m] Started Network Service.
         Starting Wait for Network to be Configured...
         Starting Network Name Resolution...
[[0;32m  OK  [0m] Started Network Name Resolution.
[[0;32m  OK  [0m] Reached target Network.
[[0;32m  OK  [0m] Reached target Host and Network Name Lookups.
[[0;32m  OK  [0m] Started Wait for Network to be Configured.
         Starting Initial cloud-init job (metadata service crawler)...
[   14.409731] cloud-init[902]: Cloud-init v. 23.1.2-0ubuntu0~18.04.1 running 'init' at Sun, 11 Aug 2024 19:24:34 +0000. Up 14.29 seconds.
[   14.421084] cloud-init[902]: ci-info: ++++++++++++++++++++++++++++++++++++++Net device info+++++++++++++++++++++++++++++++++++++++
[   14.430148] cloud-init[902]: ci-info: +--------+-------+----------------------------+---------------+--------+-------------------+
[   14.441631] cloud-init[902]: ci-info: | Device |   Up  |          Address           |      Mask     | Scope  |     Hw-Address    |
[   14.453593] cloud-init[902]: ci-info: +--------+-------+----------------------------+---------------+--------+-------------------+
[   14.464972] cloud-init[902]: ci-info: | enp0s3 |  True |         10.0.2.15          | 255.255.255.0 | global | 02:3b:7b:b7:3b:2d |
[   14.477961] cloud-init[902]: ci-info: | enp0s3 |  True | fe80::3b:7bff:feb7:3b2d/64 |       .       |  link  | 02:3b:7b:b7:3b:2d |
[   14.485904] cloud-init[902]: ci-info: | enp0s8 | False |             .              |       .       |   .    | 08:00:27:9e:c7:2a |
[   14.499937] cloud-init[902]: ci-info: |   lo   |  True |         127.0.0.1          |   255.0.0.0   |  host  |         .         |
[   14.506852] cloud-init[902]: ci-info: |   lo   |  True |          ::1/128           |       .       |  host  |         .         |
[   14.514544] cloud-init[902]: ci-info: +--------+-------+----------------------------+---------------+--------+-------------------+
[   14.527688] cloud-init[902]: ci-info: ++++++++++++++++++++++++++++Route IPv4 info+++++++++++++++++++++++++++++
[   14.539390] cloud-init[902]: ci-info: +-------+-------------+----------+-----------------+-----------+-------+
[   14.546583] cloud-init[902]: ci-info: | Route | Destination | Gateway  |     Genmask     | Interface | Flags |
[   14.553133] cloud-init[902]: ci-info: +-------+-------------+----------+-----------------+-----------+-------+
[   14.562428] cloud-init[902]: ci-info: |   0   |   0.0.0.0   | 10.0.2.2 |     0.0.0.0     |   enp0s3  |   UG  |
[   14.575110] cloud-init[902]: ci-info: |   1   |   10.0.2.0  | 0.0.0.0  |  255.255.255.0  |   enp0s3  |   U   |
[   14.584863] cloud-init[902]: ci-info: |   2   |   10.0.2.2  | 0.0.0.0  | 255.255.255.255 |   enp0s3  |   UH  |
[   14.597513] cloud-init[902]: ci-info: +-------+-------------+----------+-----------------+-----------+-------+
[   14.603594] cloud-init[902]: ci-info: +++++++++++++++++++Route IPv6 info+++++++++++++++++++
[   14.612311] cloud-init[902]: ci-info: +-------+-------------+---------+-----------+-------+
[   14.620490] cloud-init[902]: ci-info: | Route | Destination | Gateway | Interface | Flags |
[   14.626237] cloud-init[902]: ci-info: +-------+-------------+---------+-----------+-------+
[   14.637158] cloud-init[902]: ci-info: |   1   |  fe80::/64  |    ::   |   enp0s3  |   U   |
[   14.649794] cloud-init[902]: ci-info: |   3   |    local    |    ::   |   enp0s3  |   U   |
[   14.657417] cloud-init[902]: ci-info: |   4   |   ff00::/8  |    ::   |   enp0s3  |   U   |
[   14.669086] cloud-init[902]: ci-info: +-------+-------------+---------+-----------+-------+
[   15.366091] cloud-init[902]: Generating public/private rsa key pair.
[   15.377898] cloud-init[902]: Your identification has been saved in /etc/ssh/ssh_host_rsa_key.
[   15.383016] cloud-init[902]: Your public key has been saved in /etc/ssh/ssh_host_rsa_key.pub.
[   15.401542] cloud-init[902]: The key fingerprint is:
[   15.404890] cloud-init[902]: SHA256:odltsueYiONsoq5UJkLDtWTvVpoL9FAw9o0RGAdrq40 root@ubuntu-bionic
[   15.409515] cloud-init[902]: The key's randomart image is:
[   15.420296] cloud-init[902]: +---[RSA 2048]----+
[   15.423520] cloud-init[902]: |   X==.          |
[   15.429404] cloud-init[902]: |. =.O +          |
[   15.440827] cloud-init[902]: | + * + o.        |
[   15.444372] cloud-init[902]: |. + = ++ o       |
[   15.448669] [[0;32m  OK  [0m] Started Initial cloud-init job (metadata service crawler).cloud-init[902]: |.. = *o S o      |
[   15.455472] 
[[0;32m  OK  [0m] Reached target Cloud-config availability.
cloud-init[902]: |. B o .  +       |
[   15.463363] [[0;32m  OK  [0m] Reached target System Initialization.
[[0;32m  OK  [0m] Started Daily apt download activities.cloud-init[902]: | E . .  . .      |

[   15.478511] [[0;32m  OK  [0m] Started ACPI Events Check.
[[0;32m  OK  [0mcloud-init[902]: |. ..o. . =       |
[   15.486813] cloud-init] Reached target Paths.
[[0;32m  OK  [0m] Started Daily apt upgrade and clean activities.[902]: |=o ++.. o .      |
[   15.494939] cloud-init
[[0;32m  OK  [0m] Started Daily Cleanup of Temporary Directories.
[[902]: +----[SHA256]-----+
[   15.502498] cloud-init[902]: [0;32m  OK  [0m] Started Message of the Day.
[[0;32m  OK  [0mGenerating public/private dsa key pair.
[   15.510308] cloud-init[902]: ] Listening on cloud-init hotplug hook socket.
Your identification has been saved in /etc/ssh/ssh_host_dsa_key.[[0;32m  OK  [0m] Listening on D-Bus System Message Bus Socket.
[[0;32m  OK  [0m] Started Discard unused blocks once a week.
[   15.521362] cloud-init[902]: Your public key has been saved in /etc/ssh/ssh_host_dsa_key.pub.
[   15.525293] cloud-init[902]: The key fingerprint is:

         Starting Socket activation for snappy daemon.
[[   15.532428] cloud-init[902]: SHA256:U+DZQzS5Bun388D7e17xaC6/s7o+rlTKkjeTKLo5ZbI root@ubuntu-bionic
[0;32m  OK  [0m] Listening on ACPID Listen Socket.
[[0;32m  OK  [0m] Listening on Open-iSCSI iscsid Socket.
[[   15.544448] cloud-init[902]: The key's randomart image is:
[   15.547388] cloud-init[0;32m  OK  [0m] Started Ubuntu Advantage Timer for running repeated jobs.
[[0;32m  OK  [0m[902]: +---[DSA 1024]----+
[   15.554527] cloud-init[902]: ] Reached target Timers.
|        .o+.     |
[   15.559366]          Starting LXD - unix socket.
[[0;32m  OK  [0mcloud-init[902]: |       .o=..     |
[   15.566495] cloud-init[902]: ] Listening on UUID daemon activation socket.
[[0;32m  OK  [0m] Reached target Network is Online.
[[0;32m  OK  [0m] |       .o.+.     |
[   15.581707] cloud-init[902]: |        ..+.     |Reached target Remote File Systems (Pre).
[[0;32m  OK  [0m] Reached target Remote File Systems.
         Starting Availability of block devices...
[   15.594629] cloud-init[902]: 
[[0;32m  OK  [0m] Listening on Socket activation for snappy daemon.
[[0;32m  OK  [0m] Listening on LXD - unix socket.|        So o.  . |
[   15.609991] cloud-init[902]: |    . o  = +=  .o|
[[0;32m  OK  [0m] Started Availability of block devices.
[[0;32m  OK  [0m] Reached target Sockets.
[   15.622416] cloud-init[902]: 
[[0;32m  OK  [0m] Reached target Basic System.
|     =. + O  =o o|         Starting Snap Daemon...

[[0;32m  OK  [0m] Started FUSE filesystem for LXC.
[   15.641585] cloud-init[[0;32m  OK  [0m[902]: ] |    Eo . + o+oo o|Started D-Bus System Message Bus.

[   15.664649] cloud-init[902]: |    +o    .+=BBB.|
[   15.684720] cloud-init[902]: +----[SHA256]-----+
[   15.700752] cloud-init[902]: Generating public/private ecdsa key pair.
[   15.712486] cloud-init[902]: Your identification has been saved in /etc/ssh/ssh_host_ecdsa_key.
[   15.734365] cloud-init[902]: Your public key has been saved in /etc/ssh/ssh_host_ecdsa_key.pub.
[   15.752483] cloud-init[902]: The key fingerprint is:
[   15.763538] cloud-init[902]: SHA256:HQjbO2Hgj4gMZFRx1oIJ4+Mn3mkOvxDu6161GEPQ6Lc root@ubuntu-bionic
[   15.771739] cloud-init[902]: The key's randomart image is:
[   15.778554] cloud-init[902]: +---[ECDSA 256]---+
[   15.795523] cloud-init[902]: |.B=o+o+          |
[   15.811673] cloud-init[902]: |+.o+oo * .       |
[   15.817693] cloud-init[902]: |oo .  + = .      |
[   15.824422] cloud-init[902]: |.+oo . + + .     |
[   15.830031] cloud-init[902]: | +++o.. S .      |
[   15.835520] cloud-init[902]: |o =E* .  .       |
[   15.840910] cloud-init[902]: | = * .           |
[   15.860123]          Starting Pollinate to seed the pseudo random number generator...
cloud-init[902]: |. B              |         Starting Permit User Sessions...
[[0;32m  OK  [0m] Started Regular background program processing daemon.

[   15.903199] [[0;32m  OK  [0m] Reached target Login Prompts (Pre).
cloud-init         Starting LSB: automatic crash report generation...
         Starting LXD - container startup/shutdown...
[902]:          Starting Virtualbox guest utils...
|o=.+.            |
[   15.934994] cloud-init[902]: +----[SHA256]-----+
[   15.955342] cloud-init[902]: Generating public/private ed25519 key pair.
[   15.971987] cloud-init[902]: Your identification has been saved in /etc/ssh/ssh_host_ed25519_key.
[   15.989370] cloud-init[902]: Your public key has been saved in /etc/ssh/ssh_host_ed25519_key.pub.
[   16.004215] cloud-init[902]: The key fingerprint is:
[   16.014129] cloud-init[902]: SHA256:uudy/jlEcF0fBM6Hn7MqLAQ3xE2TygesY5C9KWMqS18 root@ubuntu-bionic
[   16.027455] cloud-init[902]: The key's randomart image is:         Starting Dispatcher daemon for systemd-networkd...
         Starting Login Service...
         Starting LSB: Record successful boot for GRUB...

         Starting Accounts Service...
[   16.085655] cloud-init[902]: [[0;32m  OK  [0m] Started irqbalance daemon.
[[0;32m  OK  [0m] Started Deferred execution scheduler.
+--[ED25519 256]--+         Starting System Logging Service...
[[0;32m  OK  [0m] Started Permit User Sessions.
         Starting Hold until boot process finishes up...
         Starting Terminate Plymouth Boot Screen...
[[0;32m  OK  [0m] Started Hold until boot process finishes up.
[[0;32m  OK  [0m] Started Serial Getty on ttyS0.

         Starting Set console scheme...
[[0;32m  OK  [0m] Started Terminate Plymouth Boot Screen.
[   16.208858] cloud-init[902]: |      o o o+.o+o |
[   16.262312] cloud-init[902]: [[0;32m  OK  [0m] Started Set console scheme.
[[0;32m  OK  [0m] Created slice system-getty.slice.
|     o ..=.o= ...|[[0;32m  OK  [0m] Started Getty on tty1.
[
[0;32m  OK  [0m] Reached target Login Prompts.
[[0;32m  OK  [0m] Started Login Service.
[[0;32m  OK  [0m] Started Unattended Upgrades Shutdown.
[   16.316873] [[0;32m  OK  [0m] Started System Logging Service.
[[0;32m  OK  [0m] Started LSB: automatic crash report generation.
cloud-init[902]: |      . *oo  + ..|
[   16.363145] cloud-init[902]: |     + B =..  o .|
[   16.386299] cloud-init[902]: |    o + S.o    + |
[   16.424335] cloud-init[902]: | o . E . ..     o|
[   16.455984] cloud-init[902]: |. + . . ...    . |
[   16.468067] cloud-init[902]: | . .  ..o..+  .  |
         Starting Authorization Manager...
[   16.582414] cloud-init[902]: |      .*o.+...   |
[   16.609506] cloud-init[902]: +----[SHA256]-----+
[[0;32m  OK  [0m] Started LXD - container startup/shutdown.
[[0;32m  OK  [0m] Started LSB: Record successful boot for GRUB.
[[0;32m  OK  [0m] Started Authorization Manager.
[[0;32m  OK  [0m] Started Accounts Service.
[[0;32m  OK  [0m] Started Virtualbox guest utils.
[[0;32m  OK  [0m] Started Dispatcher daemon for systemd-networkd.
[[0;32m  OK  [0m] Started Snap Daemon.
         Starting Wait until snapd is fully seeded...
         Starting Time & Date Service...
[[0;32m  OK  [0m] Started Time & Date Service.
[[0;32m  OK  [0m] Started Pollinate to seed the pseudo random number generator.
         Starting OpenBSD Secure Shell server...
[[0;32m  OK  [0m] Started OpenBSD Secure Shell server.
[[0;32m  OK  [0m] Created slice User Slice of vagrant.
[[0;32m  OK  [0m] Started Session 1 of user vagrant.
         Starting User Manager for UID 1000...
[[0;32m  OK  [0m] Started User Manager for UID 1000.

Ubuntu 18.04.6 LTS ubuntu-bionic ttyS0

ubuntu-bionic login: [   22.729690] cloud-init[1439]: Cloud-init v. 23.1.2-0ubuntu0~18.04.1 running 'modules:config' at Sun, 11 Aug 2024 19:24:42 +0000. Up 22.26 seconds.
ci-info: no authorized SSH keys fingerprints found for user ubuntu.
<14>Aug 11 19:24:43 cloud-init: #############################################################
<14>Aug 11 19:24:43 cloud-init: -----BEGIN SSH HOST KEY FINGERPRINTS-----
<14>Aug 11 19:24:43 cloud-init: 1024 SHA256:U+DZQzS5Bun388D7e17xaC6/s7o+rlTKkjeTKLo5ZbI root@ubuntu-bionic (DSA)
<14>Aug 11 19:24:43 cloud-init: 256 SHA256:HQjbO2Hgj4gMZFRx1oIJ4+Mn3mkOvxDu6161GEPQ6Lc root@ubuntu-bionic (ECDSA)
<14>Aug 11 19:24:43 cloud-init: 256 SHA256:uudy/jlEcF0fBM6Hn7MqLAQ3xE2TygesY5C9KWMqS18 root@ubuntu-bionic (ED25519)
<14>Aug 11 19:24:43 cloud-init: 2048 SHA256:odltsueYiONsoq5UJkLDtWTvVpoL9FAw9o0RGAdrq40 root@ubuntu-bionic (RSA)
<14>Aug 11 19:24:43 cloud-init: -----END SSH HOST KEY FINGERPRINTS-----
<14>Aug 11 19:24:43 cloud-init: #############################################################
-----BEGIN SSH HOST KEY KEYS-----
ecdsa-sha2-nistp256 AAAAE2VjZHNhLXNoYTItbmlzdHAyNTYAAAAIbmlzdHAyNTYAAABBBJqD7hc7lM34OE5b4I8GV3IKU+3uMcMk4S+uaktxC9BrUnjMzFZI8eTzRgqrKVu0nA8Ypi1bprc0h+PxP0mEPIM= root@ubuntu-bionic
ssh-ed25519 AAAAC3NzaC1lZDI1NTE5AAAAIKuPXnBtr2PFXq2ls1sFhi43YIyIQhKUkRoSovFx5ysN root@ubuntu-bionic
ssh-rsa AAAAB3NzaC1yc2EAAAADAQABAAABAQCbymcsZwzZgkeyKA29bRZViWF4oLAbMW3GFwAud0mecwbIb6GbokFoGsyvBcqtqqRoeLVzyP7Dy8RU3AGhrpmMEcYxdhcUvq5JvYRr071G6HM1nF7idAT0zi0MLeURA+j+YgNCiOpy2wzUz5lfXXJlLvjnx/NznRBvJQWhf5xRNSBTI7MmI6keHB0WnaMbsLthZIpr6T7DXzLBIGCuLpnQok0Q9luQpQEFHeqGV7/4FlbND/bGESWa8q+kmdFaJBEJA8NL3Ncp62k+O6ZKWMA/Vcj4tSAgMpvbW7UDAle18X6nEi6XS1NGJ0nAg4CoWtsvgRkt0MToUhSkwxOiUFHp root@ubuntu-bionic
-----END SSH HOST KEY KEYS-----
[   23.625285] cloud-init[1551]: Cloud-init v. 23.1.2-0ubuntu0~18.04.1 running 'modules:final' at Sun, 11 Aug 2024 19:24:43 +0000. Up 23.34 seconds.
[   23.648993] cloud-init[1551]: Cloud-init v. 23.1.2-0ubuntu0~18.04.1 finished at Sun, 11 Aug 2024 19:24:43 +0000. Datasource DataSourceNoCloud [seed=/dev/sdb][dsmode=net].  Up 23.60 seconds
